// Jest Snapshot v1, https://goo.gl/fbAQLP

exports[`Status renders correctly 1`] = `
<div
  className="status"
>
  <div
    className="status__bar"
    style={
      Object {
        "width": "50%",
      }
    }
  />
</div>
`;
